             VMA              LMA     Size Align Out     In      Symbol
               0                0 80200000     1 . = 0x80200000
        80200000         80200000      26e     4 .text
        80200000         80200000        c     2         /tmp/kernel-73765b.o:(.text.boot)
        80200000         80200000        0     1                 
        80200000         80200000        0     1                 
        80200000         80200000        0     1                 
        80200000         80200000        0     1                 .Lpcrel_hi0
        80200000         80200000        0     1                 
        80200000         80200000        c     1                 kernel_entry
        8020000c         8020000c        0     1                 
        8020000c         8020000c        0     1                 
        8020000c         8020000c       56     4         /tmp/kernel-73765b.o:(.text)
        8020000c         8020000c        0     1                 
        8020000c         8020000c        0     1                 
        8020000c         8020000c        0     1                 
        8020000c         8020000c        0     1                 
        8020000c         8020000c        6     1                 sbi_call
        80200010         80200010        0     1                 
        80200012         80200012        0     1                 
        80200012         80200012        0     1                 
        80200012         80200012        0     1                 
        80200012         80200012        0     1                 
        80200012         80200012        0     1                 
        80200012         80200012        0     1                 
        80200012         80200012       14     1                 putchar
        80200024         80200024        0     1                 
        80200024         80200024        0     1                 
        80200026         80200026        0     1                 
        80200026         80200026        0     1                 
        80200026         80200026        0     1                 
        80200026         80200026        0     1                 
        80200026         80200026        0     1                 
        80200026         80200026       3c     1                 kernel_main
        80200028         80200028        0     1                 
        80200028         80200028        0     1                 
        8020002a         8020002a        0     1                 
        8020002a         8020002a        0     1                 .LBB3_2
        80200032         80200032        0     1                 .LBB3_3
        80200042         80200042        0     1                 
        80200042         80200042        0     1                 .LBB3_4
        80200042         80200042        0     1                 
        8020005c         8020005c        0     1                 
        8020005c         8020005c        0     1                 
        80200060         80200060        0     1                 
        80200062         80200062        0     1                 
        80200062         80200062        0     1                 
        80200064         80200064      20a     4         /tmp/common-969c77.o:(.text)
        80200064         80200064        0     1                 
        80200064         80200064        0     1                 
        80200064         80200064        0     1                 
        80200064         80200064      20a     1                 printf
        80200066         80200066        0     1                 
        80200080         80200080        0     1                 
        80200092         80200092        0     1                 
        802000b8         802000b8        0     1                 .LBB0_25
        802000b8         802000b8        0     1                 
        802000c2         802000c2        0     1                 
        802000c6         802000c6        0     1                 
        802000c8         802000c8        0     1                 
        802000cc         802000cc        0     1                 
        802000d4         802000d4        0     1                 
        802000dc         802000dc        0     1                 
        802000dc         802000dc        0     1                 
        802000de         802000de        0     1                 
        802000e0         802000e0        0     1                 
        802000e4         802000e4        0     1                 
        802000e6         802000e6        0     1                 
        802000f2         802000f2        0     1                 
        802000fe         802000fe        0     1                 
        80200102         80200102        0     1                 
        80200104         80200104        0     1                 
        8020010a         8020010a        0     1                 
        80200112         80200112        0     1                 
        80200112         80200112        0     1                 
        8020011e         8020011e        0     1                 
        8020011e         8020011e        0     1                 
        80200122         80200122        0     1                 
        80200128         80200128        0     1                 
        80200130         80200130        0     1                 
        80200130         80200130        0     1                 
        80200134         80200134        0     1                 
        80200136         80200136        0     1                 
        8020013c         8020013c        0     1                 
        80200144         80200144        0     1                 
        80200144         80200144        0     1                 
        80200148         80200148        0     1                 
        8020014a         8020014a        0     1                 
        80200150         80200150        0     1                 
        80200158         80200158        0     1                 
        80200158         80200158        0     1                 
        8020015c         8020015c        0     1                 
        8020015e         8020015e        0     1                 
        80200164         80200164        0     1                 
        8020016c         8020016c        0     1                 
        8020016c         8020016c        0     1                 
        80200170         80200170        0     1                 
        80200172         80200172        0     1                 
        80200178         80200178        0     1                 
        80200180         80200180        0     1                 
        80200180         80200180        0     1                 
        80200184         80200184        0     1                 
        80200186         80200186        0     1                 
        8020018c         8020018c        0     1                 
        80200194         80200194        0     1                 
        80200194         80200194        0     1                 
        80200198         80200198        0     1                 
        8020019a         8020019a        0     1                 
        802001a0         802001a0        0     1                 
        802001a8         802001a8        0     1                 
        802001a8         802001a8        0     1                 
        802001ac         802001ac        0     1                 
        802001b2         802001b2        0     1                 
        802001b2         802001b2        0     1                 
        802001ba         802001ba        0     1                 
        802001ba         802001ba        0     1                 
        802001bc         802001bc        0     1                 
        802001be         802001be        0     1                 
        802001be         802001be        0     1                 
        802001c8         802001c8        0     1                 
        802001cc         802001cc        0     1                 
        802001d4         802001d4        0     1                 
        802001e0         802001e0        0     1                 
        802001e0         802001e0        0     1                 
        802001e4         802001e4        0     1                 
        802001ea         802001ea        0     1                 
        802001ea         802001ea        0     1                 
        802001f6         802001f6        0     1                 
        802001f6         802001f6        0     1                 
        802001fa         802001fa        0     1                 
        802001fc         802001fc        0     1                 
        80200200         80200200        0     1                 
        80200202         80200202        0     1                 
        80200206         80200206        0     1                 
        8020020a         8020020a        0     1                 
        8020020e         8020020e        0     1                 
        80200212         80200212        0     1                 
        80200214         80200214        0     1                 
        80200218         80200218        0     1                 
        8020021c         8020021c        0     1                 
        80200228         80200228        0     1                 
        80200228         80200228        0     1                 
        80200230         80200230        0     1                 
        8020023a         8020023a        0     1                 
        8020023e         8020023e        0     1                 
        80200244         80200244        0     1                 
        80200250         80200250        0     1                 
        80200250         80200250        0     1                 
        8020026e         8020026e        0     1                 
        8020026e         8020026e        0     1                 
        80200270         80200270       34     8 .rodata
        80200270         80200270       34     1         <internal>:(.rodata)
        802002b0         802002b0        0    16 .bss
        802002b0         802002b0        0     1         __bss = .
        802002b0         802002b0        0     1         __bss_end = .
        802002b0         802002b0        0     1 . = ALIGN ( 16 )
        802002b0         802002b0    20000     1 . += 128 * 1024
        802202b0         802202b0        0     1 __stack_top = .
        802202b0         802202b0      d50     1 . = ALIGN ( 4096 )
        80221000         80221000        0     1 __free_ram = .
        80221000         80221000  4000000     1 . += 64 * 1024 * 1024
        84221000         84221000        0     1 __free_ram_end = .
               0                0      190     1 .debug_loclists
               0                0       3a     1         /tmp/kernel-73765b.o:(.debug_loclists)
               c                c        0     1                 
              3a               3a      156     1         /tmp/common-969c77.o:(.debug_loclists)
              46               46        0     1                 
               0                0      202     1 .debug_abbrev
               0                0      139     1         /tmp/kernel-73765b.o:(.debug_abbrev)
             139              139       c9     1         /tmp/common-969c77.o:(.debug_abbrev)
               0                0      333     1 .debug_info
               0                0      211     1         /tmp/kernel-73765b.o:(.debug_info)
             211              211      122     1         /tmp/common-969c77.o:(.debug_info)
               0                0       32     1 .debug_rnglists
               0                0       17     1         /tmp/kernel-73765b.o:(.debug_rnglists)
               c                c        0     1                 
              17               17       1b     1         /tmp/common-969c77.o:(.debug_rnglists)
              23               23        0     1                 
               0                0       d0     1 .debug_str_offsets
               0                0       80     1         /tmp/kernel-73765b.o:(.debug_str_offsets)
               8                8        0     1                 
              80               80       50     1         /tmp/common-969c77.o:(.debug_str_offsets)
              88               88        0     1                 
               0                0      140     1 .debug_str
               0                0      140     1         <internal>:(.debug_str)
               0                0       c8     1 .debug_addr
               0                0       38     1         /tmp/kernel-73765b.o:(.debug_addr)
               8                8        0     1                 
              38               38       90     1         /tmp/common-969c77.o:(.debug_addr)
              40               40        0     1                 
               0                0       42     1 .comment
               0                0       42     1         <internal>:(.comment)
               0                0       2b     1 .riscv.attributes
               0                0       2b     1         /tmp/kernel-73765b.o:(.riscv.attributes)
               0                0       d0     8 .debug_frame
               0                0       80     8         /tmp/kernel-73765b.o:(.debug_frame)
               0                0        0     1                 
              80               80       50     8         /tmp/common-969c77.o:(.debug_frame)
              80               80        0     1                 
               0                0      3c3     1 .debug_line
               0                0       f5     1         /tmp/kernel-73765b.o:(.debug_line)
               0                0        0     1                 .Lline_table_start0
              f5               f5      2ce     1         /tmp/common-969c77.o:(.debug_line)
              f5               f5        0     1                 .Lline_table_start0
               0                0       50     1 .debug_line_str
               0                0       50     1         <internal>:(.debug_line_str)
               0                0     13e0     8 .symtab
               0                0     13e0     8         <internal>:(.symtab)
               0                0       d6     1 .shstrtab
               0                0       d6     1         <internal>:(.shstrtab)
               0                0       cf     1 .strtab
               0                0       cf     1         <internal>:(.strtab)
